
> test
> jest

